// Jest Snapshot v1, https://goo.gl/fbAQLP

exports[`renders without crashing 1`] = `
<div>
  <div
    class="css-1qesdmw"
  >
    <span
      class="completedAmount"
    />
     /
    <div
      style="position: relative;"
    />
  </div>
</div>
`;
